
-- TC054 : OCTO931 : Test no assert failure in CREATE TABLE when multi-column UNIQUE constraint and READONLY is used
-- We expect a `ERR_READONLY_DISALLOWED` error below, not an assert failure (when run with a Debug build of Octo).

CREATE TABLE TMP (id1 INTEGER, id2 INTEGER, UNIQUE (id2, id1)) GLOBAL "^x(keys(""%YO_KEYCOL""))" READONLY;

[ERROR]: ERR_READONLY_DISALLOWED: READONLY keyword in CREATE TABLE is disallowed due to an incompatible keyword
