drop table if exists tbl;
create table tbl (id integer CHECK (ABS(id) < 5));
\d tbl;
DROP TABLE
CREATE TABLE
Table "tbl" stored in Global: ^%ydboctoD8DOa3WW9naMa37ptmpvi2E : Type = READWRITE
Column|Type|Collation|Nullable|Default
id|INTEGER|||
Check constraints:
    "tbl_id_check" CHECK ((abs(id) < 5))
