drop table if exists tbl;
create function absf(integer) returns integer as $$ABS^%ydboctosqlfunctions;
create table tbl (id integer check (absf(id) < 5));
\d tbl;
OCTO> drop table if exists tbl;
DROP TABLE
OCTO> create function absf(integer) returns integer as $$ABS^%ydboctosqlfunctions;
CREATE FUNCTION
OCTO> create table tbl (id integer check (absf(id) < 5));
CREATE TABLE
OCTO> \d tbl;
Table "tbl" stored in Global: ^%ydboctoD8DOa3WW9naMa37ptmpvi2E : Type = READWRITE
Column|Type|Collation|Nullable|Default
id|INTEGER|||
Check constraints:
    "tbl_id_check" CHECK ((absf(id) < 5))
OCTO> 
