OCTO> select * from customers c1 where (c1.zipcode > '22960');
OCTO> select * from customers c1 where (c1.zipcode >= '22960');
4|James|Madison|jmadison@usa.gov|11350 Constitution Hwy|Orange|VA|22960
OCTO> select * from customers c1 where (c1.zipcode <= '02169');
2|John|Adams|jadams@usa.gov|1250 Hancock St|Quincy|MA|02169
OCTO> select * from customers c1 where (c1.zipcode < '02169');
OCTO> select '10' < '2', 10 < 2;
1|0
OCTO> 
