# Verify col(i) usages in M code for DELETE command
    . . SET col(1)=%ydboctoexpr
    . . DO:'$ZYISSQLNULL(col(1))
    . . . KILL ^%ydboctoUQ8VlKUurTigWHQAF0V9DEL(col(1))
    . . SET col(2)=%ydboctoexpr
    . . DO:'$ZYISSQLNULL(col(2))
    . . . KILL ^%ydboctoUQ8buQ87BO5l9CJk7uNqm9E(col(2))
    . . DO:'$ZYISSQLNULL(col(1))&'$ZYISSQLNULL(col(2))
    . . . KILL ^%ydboctoUmYz4vsZ5oFgqyxbnfcvR8H(col(1),col(2))
    . . DO:'$ZYISSQLNULL(col(2))&'$ZYISSQLNULL(col(1))
    . . . KILL ^%ydboctoU8i8zccV3vIXn3Wiis3L2K5(col(2),col(1))
# Verify col(i) usages in M code for UPDATE command
    . . SET col(2)=($$piecevalue2colvalue^%ydboctoplanhelpers($PIECE(^%ydboctoDK8x9V2YiyPMRxcDYOMpB0K(%ydboctocursor(cursorId,"keys",1,"TMP","%YO_KEYCOL")),"|",1))+$GET(%ydboctocursor(cursorId,"parameters",1)))
    . . SET $PIECE(%ydboctoUPD,"|",2)=$$colvalue2piecevalue^%ydboctoplanhelpers(col(2))
    . . SET col(-2)=%ydboctoexpr
    . . DO:'$ZYISSQLNULL(col(-2))
    . . . KILL ^%ydboctoUQ8buQ87BO5l9CJk7uNqm9E(col(-2))
    . . DO:'$ZYISSQLNULL(col(2))
    . . . DO:$DATA(^%ydboctoUQ8buQ87BO5l9CJk7uNqm9E(col(2)))
    . . . SET ^%ydboctoUQ8buQ87BO5l9CJk7uNqm9E(col(2))=""
    . . SET col(1)=%ydboctoexpr
    . . DO:'$ZYISSQLNULL(col(1))&'$ZYISSQLNULL(col(-2))
    . . . KILL ^%ydboctoUmYz4vsZ5oFgqyxbnfcvR8H(col(1),col(-2))
    . . DO:'$ZYISSQLNULL(col(1))&'$ZYISSQLNULL(col(2))
    . . . DO:$DATA(^%ydboctoUmYz4vsZ5oFgqyxbnfcvR8H(col(1),col(2)))
    . . . SET ^%ydboctoUmYz4vsZ5oFgqyxbnfcvR8H(col(1),col(2))=""
    . . DO:'$ZYISSQLNULL(col(-2))&'$ZYISSQLNULL(col(1))
    . . . KILL ^%ydboctoU8i8zccV3vIXn3Wiis3L2K5(col(-2),col(1))
    . . DO:'$ZYISSQLNULL(col(2))&'$ZYISSQLNULL(col(1))
    . . . DO:$DATA(^%ydboctoU8i8zccV3vIXn3Wiis3L2K5(col(2),col(1)))
    . . . SET ^%ydboctoU8i8zccV3vIXn3Wiis3L2K5(col(2),col(1))=""
