CREATE TABLE
A
3
(1 row)
A
4
(1 row)
A
5
(1 row)
A
3
(1 row)
A
2
(1 row)
A
1
(1 row)
A
-1
(1 row)
A
0
(1 row)
A
1
(1 row)
A
1
(1 row)
A
2
(1 row)
A
3
(1 row)
A
-3
(1 row)
A
-2
(1 row)
A
-1
(1 row)
A
1
(1 row)
A
0
(1 row)
A
-1
(1 row)
A
-1
(1 row)
A
-2
(1 row)
A
-3
(1 row)
A
-3
(1 row)
A
-4
(1 row)
A
-5
(1 row)
