ERROR:  INSERT not allowed on READONLY table 'TP000'. Only allowed on READWRITE tables.
 id | firstname | lastname 
----+-----------+----------
(0 rows)

ERROR:  UPDATE not allowed on READONLY table 'TP000'. Only allowed on READWRITE tables.
 id | firstname | lastname 
----+-----------+----------
(0 rows)

ERROR:  DELETE not allowed on READONLY table 'TP000'. Only allowed on READWRITE tables.
 id | firstname | lastname 
----+-----------+----------
(0 rows)

ERROR:  Cannot modify table: rocto started in read-only mode
 id | firstname | lastname 
----+-----------+----------
(0 rows)

