# Run TPP01.sql that generates M plan and stores corresponding plan related global variables in database
id|firstname|lastname
3|Lord|Nikon
(1 row)
# KILL plan related global variables in database but keep M plan intact to create out-of-sync situation
# Run TPP01.sql again. Should NOT error out (but instead re-generate M plan and corresponding gvns)
id|firstname|lastname
3|Lord|Nikon
(1 row)
