
SELECT NULL          AS PROCEDURE_CAT,
       n.nspname     AS PROCEDURE_SCHEM,
       p.proname     AS PROCEDURE_NAME,
       NULL,
       NULL,
       NULL,
       d.description AS REMARKS,
       2             AS PROCEDURE_TYPE,
       p.proname
       || '_'
       || p.oid      AS SPECIFIC_NAME
FROM   pg_catalog.pg_namespace n,
       pg_catalog.pg_proc p
       left join pg_catalog.pg_description d
              ON ( p.oid = d.objoid )
       left join pg_catalog.pg_class c
              ON ( d.classoid = c.oid
                   AND c.relname = 'pg_proc' )
       left join pg_catalog.pg_namespace pn
              ON ( c.relnamespace = pn.oid
                   AND pn.nspname = 'pg_catalog' )
WHERE  p.pronamespace = n.oid
ORDER  BY procedure_schem,
          procedure_name,
          p.oid :: text

[ INFO] PATH:LINENUM DATE TIME : Parsing done for SQL command [SELECT NULL          AS PROCEDURE_CAT,
       n.nspname     AS PROCEDURE_SCHEM,
       p.proname     AS PROCEDURE_NAME,
       NULL,
       NULL,
       NULL,
       d.description AS REMARKS,
       2             AS PROCEDURE_TYPE,
       p.proname
       || '_'
       || p.oid      AS SPECIFIC_NAME
FROM   pg_catalog.pg_namespace n,
       pg_catalog.pg_proc p
       left join pg_catalog.pg_description d
              ON ( p.oid = d.objoid )
       left join pg_catalog.pg_class c
              ON ( d.classoid = c.oid
                   AND c.relname = 'pg_proc' )
       left join pg_catalog.pg_namespace pn
              ON ( c.relnamespace = pn.oid
                   AND pn.nspname = 'pg_catalog' )
WHERE  p.pronamespace = n.oid
ORDER  BY procedure_schem,
          procedure_name,
          p.oid :: text
]
[ INFO] PATH:LINENUM DATE TIME : Generating SQL for CURSOR_NUM
[ INFO] PATH:LINENUM DATE TIME : Generating M file [./_ydboctoP*.m] (to execute SQL query)
[DEBUG] PATH:LINENUM DATE TIME : LOGICAL_PLAN BEFORE optimize_logical_plan() follows
LP_INSERT: 
  LP_PROJECT: 
    LP_COLUMN_LIST: 
      LP_WHERE: 
        LP_VALUE: 
        LP_COLUMN_LIST_ALIAS: 
        - type: NULL
        - alias: PROCEDURE_CAT
      LP_COLUMN_LIST: 
        LP_WHERE: 
          LP_COLUMN_ALIAS: N(5).NSPNAME
          LP_COLUMN_LIST_ALIAS: 
          - type: STRING_LITERAL
          - alias: PROCEDURE_SCHEM
        LP_COLUMN_LIST: 
          LP_WHERE: 
            LP_COLUMN_ALIAS: P(1).PRONAME
            LP_COLUMN_LIST_ALIAS: 
            - type: STRING_LITERAL
            - alias: PROCEDURE_NAME
          LP_COLUMN_LIST: 
            LP_WHERE: 
              LP_VALUE: 
              LP_COLUMN_LIST_ALIAS: 
              - type: NULL
              - alias: ???
            LP_COLUMN_LIST: 
              LP_WHERE: 
                LP_VALUE: 
                LP_COLUMN_LIST_ALIAS: 
                - type: NULL
                - alias: ???
              LP_COLUMN_LIST: 
                LP_WHERE: 
                  LP_VALUE: 
                  LP_COLUMN_LIST_ALIAS: 
                  - type: NULL
                  - alias: ???
                LP_COLUMN_LIST: 
                  LP_WHERE: 
                    LP_COLUMN_ALIAS: D(2).DESCRIPTION
                    LP_COLUMN_LIST_ALIAS: 
                    - type: STRING_LITERAL
                    - alias: REMARKS
                  LP_COLUMN_LIST: 
                    LP_WHERE: 
                      LP_VALUE: 2
                      LP_COLUMN_LIST_ALIAS: 
                      - type: NUMERIC_LITERAL
                      - alias: PROCEDURE_TYPE
                    LP_COLUMN_LIST: 
                      LP_WHERE: 
                        LP_CONCAT: 
                          LP_CONCAT: 
                            LP_COLUMN_ALIAS: P(1).PRONAME
                            LP_VALUE: _
                          LP_COLUMN_ALIAS: P(1).OID
                        LP_COLUMN_LIST_ALIAS: 
                        - type: STRING_LITERAL
                        - alias: SPECIFIC_NAME
    LP_SELECT: 
      LP_TABLE_JOIN: CROSS_JOIN: 
        LP_TABLE: N
        LP_TABLE_JOIN: 
          LP_TABLE: P
          LP_TABLE_JOIN: LEFT_JOIN: 
            LP_WHERE: 
              LP_BOOLEAN_EQUALS: 
                LP_COLUMN_ALIAS: P(1).OID
                LP_COLUMN_ALIAS: D(2).OBJOID
            LP_TABLE: D
            LP_TABLE_JOIN: LEFT_JOIN: 
              LP_WHERE: 
                LP_BOOLEAN_AND: 
                  LP_BOOLEAN_EQUALS: 
                    LP_COLUMN_ALIAS: D(2).CLASSOID
                    LP_COLUMN_ALIAS: C(3).OID
                  LP_BOOLEAN_EQUALS: 
                    LP_COLUMN_ALIAS: C(3).RELNAME
                    LP_VALUE: pg_proc
              LP_TABLE: C
              LP_TABLE_JOIN: LEFT_JOIN: 
                LP_WHERE: 
                  LP_BOOLEAN_AND: 
                    LP_BOOLEAN_EQUALS: 
                      LP_COLUMN_ALIAS: C(3).RELNAMESPACE
                      LP_COLUMN_ALIAS: PN(4).OID
                    LP_BOOLEAN_EQUALS: 
                      LP_COLUMN_ALIAS: PN(4).NSPNAME
                      LP_VALUE: pg_catalog
                LP_TABLE: PN
      LP_CRITERIA: 
        LP_KEYS: 
        LP_SELECT_OPTIONS: 
          LP_WHERE: 
            LP_BOOLEAN_EQUALS: 
              LP_COLUMN_ALIAS: P(1).PRONAMESPACE
              LP_COLUMN_ALIAS: N(5).OID
          LP_SELECT_MORE_OPTIONS: 
            LP_KEYWORDS: 
  LP_OUTPUT: 
    LP_KEY: 
    - table_name:  
    - column_name:  
    - unique_id: 7
    - method: LP_KEY_ADVANCE
    - xref_key: false
    - uses_xref_key: false
    LP_ORDER_BY: ORDER BY ASC: 
      LP_COLUMN_LIST: 
        LP_WHERE: 
          LP_COLUMN_ALIAS: N(5).NSPNAME
          LP_COLUMN_LIST_ALIAS: 
          - type: STRING_LITERAL
      LP_ORDER_BY: ORDER BY ASC: 
        LP_COLUMN_LIST: 
          LP_WHERE: 
            LP_COLUMN_ALIAS: P(1).PRONAME
            LP_COLUMN_LIST_ALIAS: 
            - type: STRING_LITERAL
        LP_ORDER_BY: ORDER BY ASC: 
          LP_COLUMN_LIST: 
            LP_WHERE: 
              LP_COLUMN_ALIAS: P(1).OID
              LP_COLUMN_LIST_ALIAS: 
              - type: STRING_LITERAL

[DEBUG] PATH:LINENUM DATE TIME : LOGICAL_PLAN AFTER optimize_logical_plan() follows
LP_INSERT: 
  LP_PROJECT: 
    LP_COLUMN_LIST: 
      LP_WHERE: 
        LP_VALUE: 
        LP_COLUMN_LIST_ALIAS: 
        - type: NULL
        - alias: PROCEDURE_CAT
      LP_COLUMN_LIST: 
        LP_WHERE: 
          LP_COLUMN_ALIAS: N(5).NSPNAME
          LP_COLUMN_LIST_ALIAS: 
          - type: STRING_LITERAL
          - alias: PROCEDURE_SCHEM
        LP_COLUMN_LIST: 
          LP_WHERE: 
            LP_COLUMN_ALIAS: P(1).PRONAME
            LP_COLUMN_LIST_ALIAS: 
            - type: STRING_LITERAL
            - alias: PROCEDURE_NAME
          LP_COLUMN_LIST: 
            LP_WHERE: 
              LP_VALUE: 
              LP_COLUMN_LIST_ALIAS: 
              - type: NULL
              - alias: ???
            LP_COLUMN_LIST: 
              LP_WHERE: 
                LP_VALUE: 
                LP_COLUMN_LIST_ALIAS: 
                - type: NULL
                - alias: ???
              LP_COLUMN_LIST: 
                LP_WHERE: 
                  LP_VALUE: 
                  LP_COLUMN_LIST_ALIAS: 
                  - type: NULL
                  - alias: ???
                LP_COLUMN_LIST: 
                  LP_WHERE: 
                    LP_COLUMN_ALIAS: D(2).DESCRIPTION
                    LP_COLUMN_LIST_ALIAS: 
                    - type: STRING_LITERAL
                    - alias: REMARKS
                  LP_COLUMN_LIST: 
                    LP_WHERE: 
                      LP_VALUE: 2
                      LP_COLUMN_LIST_ALIAS: 
                      - type: NUMERIC_LITERAL
                      - alias: PROCEDURE_TYPE
                    LP_COLUMN_LIST: 
                      LP_WHERE: 
                        LP_CONCAT: 
                          LP_CONCAT: 
                            LP_COLUMN_ALIAS: P(1).PRONAME
                            LP_VALUE: _
                          LP_COLUMN_ALIAS: P(1).OID
                        LP_COLUMN_LIST_ALIAS: 
                        - type: STRING_LITERAL
                        - alias: SPECIFIC_NAME
    LP_SELECT: 
      LP_TABLE_JOIN: CROSS_JOIN: 
        LP_TABLE: N
        LP_TABLE_JOIN: 
          LP_TABLE: P
          LP_TABLE_JOIN: LEFT_JOIN: 
            LP_WHERE: 
            LP_INSERT: 
              LP_PROJECT: 
                LP_COLUMN_LIST: 
                  LP_WHERE: 
                    LP_COLUMN_ALIAS: PG_CATALOG.PG_DESCRIPTION(8).OBJOID
                  LP_COLUMN_LIST: 
                    LP_WHERE: 
                      LP_COLUMN_ALIAS: PG_CATALOG.PG_DESCRIPTION(8).OID
                LP_SELECT: 
                  LP_TABLE_JOIN: 
                    LP_TABLE: PG_CATALOG.PG_DESCRIPTION
                  LP_CRITERIA: 
                    LP_KEYS: 
                      LP_KEY: 
                      - table_name: PG_CATALOG.PG_DESCRIPTION
                      - column_name: OID
                      - unique_id: 8
                      - method: LP_KEY_ADVANCE
                      - xref_key: false
                      - uses_xref_key: false
                    LP_SELECT_OPTIONS: 
                      LP_WHERE: 
                      LP_SELECT_MORE_OPTIONS: 
                        LP_KEYWORDS:  XREF_INDEX;
              LP_OUTPUT: 
                LP_KEY: 
                - table_name: PG_CATALOG.PG_DESCRIPTION
                - column_name: OBJOID
                - unique_id: 2
                - method: LP_INVALID_ACTION
                - xref_key: true
                - uses_xref_key: false
            LP_TABLE_JOIN: LEFT_JOIN: 
              LP_WHERE: 
                LP_BOOLEAN_EQUALS: 
                  LP_COLUMN_ALIAS: C(3).RELNAME
                  LP_VALUE: pg_proc
              LP_TABLE: C
              LP_TABLE_JOIN: LEFT_JOIN: 
                LP_WHERE: 
                  LP_BOOLEAN_EQUALS: 
                    LP_COLUMN_ALIAS: PN(4).NSPNAME
                    LP_VALUE: pg_catalog
                LP_TABLE: PN
      LP_CRITERIA: 
        LP_KEYS: 
          LP_KEY: 
          - table_name: PG_CATALOG.PG_NAMESPACE
          - column_name: OID
          - unique_id: 5
          - method: LP_KEY_ADVANCE
          - xref_key: false
          - uses_xref_key: false
          LP_KEYS: 
            LP_KEY: 
            - table_name: PG_CATALOG.PG_PROC
            - column_name: OID
            - unique_id: 1
            - method: LP_KEY_ADVANCE
            - xref_key: false
            - uses_xref_key: false
            LP_KEYS: 
              LP_KEY: 
              - table_name: PG_CATALOG.PG_DESCRIPTION
              - column_name: OBJOID
              - unique_id: 2
              - method: LP_KEY_FIX
              - xref_key: true
              - uses_xref_key: false
              - value:
                  LP_COLUMN_ALIAS: P(1).OID
              LP_KEYS: 
                LP_KEY: 
                - table_name: PG_CATALOG.PG_DESCRIPTION
                - column_name: OID
                - unique_id: 2
                - method: LP_KEY_ADVANCE
                - xref_key: false
                - uses_xref_key: true
                LP_KEYS: 
                  LP_KEY: 
                  - table_name: PG_CATALOG.PG_CLASS
                  - column_name: OID
                  - unique_id: 3
                  - method: LP_KEY_FIX
                  - xref_key: false
                  - uses_xref_key: false
                  - value:
                      LP_COLUMN_ALIAS: D(2).CLASSOID
                  LP_KEYS: 
                    LP_KEY: 
                    - table_name: PG_CATALOG.PG_NAMESPACE
                    - column_name: OID
                    - unique_id: 4
                    - method: LP_KEY_FIX
                    - xref_key: false
                    - uses_xref_key: false
                    - value:
                        LP_COLUMN_ALIAS: C(3).RELNAMESPACE
        LP_SELECT_OPTIONS: 
          LP_WHERE: 
            LP_BOOLEAN_EQUALS: 
              LP_COLUMN_ALIAS: P(1).PRONAMESPACE
              LP_COLUMN_ALIAS: N(5).OID
          LP_SELECT_MORE_OPTIONS: 
            LP_KEYWORDS: 
  LP_OUTPUT: 
    LP_KEY: 
    - table_name:  
    - column_name:  
    - unique_id: 7
    - method: LP_KEY_ADVANCE
    - xref_key: false
    - uses_xref_key: false
    LP_ORDER_BY: ORDER BY ASC: 
      LP_COLUMN_LIST: 
        LP_WHERE: 
          LP_COLUMN_ALIAS: N(5).NSPNAME
          LP_COLUMN_LIST_ALIAS: 
          - type: STRING_LITERAL
      LP_ORDER_BY: ORDER BY ASC: 
        LP_COLUMN_LIST: 
          LP_WHERE: 
            LP_COLUMN_ALIAS: P(1).PRONAME
            LP_COLUMN_LIST_ALIAS: 
            - type: STRING_LITERAL
        LP_ORDER_BY: ORDER BY ASC: 
          LP_COLUMN_LIST: 
            LP_WHERE: 
              LP_COLUMN_ALIAS: P(1).OID
              LP_COLUMN_LIST_ALIAS: 
              - type: STRING_LITERAL

[ INFO] PATH:LINENUM DATE TIME : Generating helper cross reference M file [./_ydboctoX*.m] for table [PG_CATALOG.PG_DESCRIPTION] and column [OBJOID]
Added SET and/or Non-SET trigger on ^%ydboctoocto named %ydboctoT*
[ INFO] PATH:LINENUM DATE TIME : print_temporary_table()

