
SELECT n.nspname                              AS "Schema",
       c.relname                              AS "Name",
       CASE c.relkind
         WHEN 'r' THEN 'table'
         WHEN 'v' THEN 'view'
         WHEN 'm' THEN 'materialized view'
         WHEN 'i' THEN 'index'
         WHEN 'S' THEN 'sequence'
         WHEN 's' THEN 'special'
         WHEN 'f' THEN 'foreign table'
         WHEN 'p' THEN 'table'
         WHEN 'I' THEN 'index'
       end                                    AS "Type",
       pg_catalog.Pg_get_userbyid(c.relowner) AS "Owner"
FROM   pg_catalog.pg_class c
       LEFT JOIN pg_catalog.pg_namespace n
              ON n.oid = c.relnamespace
WHERE  c.relkind IN ( 'r', 'p', 'v', 'm',
                      'S', 'f', '' )
       AND n.nspname <> 'pg_catalog'
       AND n.nspname <> 'information_schema'
       AND n.nspname !~ '^pg_toast'
       AND pg_catalog.Pg_table_is_visible(c.oid)
ORDER  BY 1,
          2;

[ INFO] PATH:LINENUM DATE TIME: INFO_RECORDING_ENV_VARS: # Recording pertinent ydb_* env var values at process startup
[ INFO] PATH:LINENUM DATE TIME: INFO_PARSING_DONE: Parsing done for SQL command [SELECT n.nspname                              AS "Schema",
       c.relname                              AS "Name",
       CASE c.relkind
         WHEN 'r' THEN 'table'
         WHEN 'v' THEN 'view'
         WHEN 'm' THEN 'materialized view'
         WHEN 'i' THEN 'index'
         WHEN 'S' THEN 'sequence'
         WHEN 's' THEN 'special'
         WHEN 'f' THEN 'foreign table'
         WHEN 'p' THEN 'table'
         WHEN 'I' THEN 'index'
       end                                    AS "Type",
       pg_catalog.Pg_get_userbyid(c.relowner) AS "Owner"
FROM   pg_catalog.pg_class c
       LEFT JOIN pg_catalog.pg_namespace n
              ON n.oid = c.relnamespace
WHERE  c.relkind IN ( 'r', 'p', 'v', 'm',
                      'S', 'f', '' )
       AND n.nspname <> 'pg_catalog'
       AND n.nspname <> 'information_schema'
       AND n.nspname !~ '^pg_toast'
       AND pg_catalog.Pg_table_is_visible(c.oid)
ORDER  BY 1,
          2;]
[ INFO] PATH:LINENUM DATE TIME: INFO_CURSOR: Generating SQL for CURSOR_NUM
[ INFO] PATH:LINENUM DATE TIME: INFO_M_PLAN: Generating M file [$PWD/_ydboctoP*.m] (to execute SQL query)
[DEBUG] PATH:LINENUM DATE TIME: INFO_CURPLAN: LOGICAL_PLAN BEFORE optimize_logical_plan() follows 
LP_SELECT_QUERY: 
  LP_PROJECT: 
    LP_COLUMN_LIST: 
      LP_WHERE: 
        LP_COLUMN_ALIAS: n(2).nspname
        LP_COLUMN_LIST_ALIAS: 
        - type: STRING_LITERAL
        - alias: Schema
      LP_WHERE: 
        LP_COLUMN_ALIAS: c(1).relname
        LP_COLUMN_LIST_ALIAS: 
        - type: STRING_LITERAL
        - alias: Name
      LP_WHERE: 
        LP_CASE: 
          LP_CASE_STATEMENT: 
            LP_COLUMN_ALIAS: c(1).relkind
          LP_CASE_BRANCH: 
            LP_CASE_BRANCH_STATEMENT: 
              LP_VALUE: 'r'
              LP_VALUE: 'table'
            LP_CASE_BRANCH: 
              LP_CASE_BRANCH_STATEMENT: 
                LP_VALUE: 'v'
                LP_VALUE: 'view'
              LP_CASE_BRANCH: 
                LP_CASE_BRANCH_STATEMENT: 
                  LP_VALUE: 'm'
                  LP_VALUE: 'materialized view'
                LP_CASE_BRANCH: 
                  LP_CASE_BRANCH_STATEMENT: 
                    LP_VALUE: 'i'
                    LP_VALUE: 'index'
                  LP_CASE_BRANCH: 
                    LP_CASE_BRANCH_STATEMENT: 
                      LP_VALUE: 'S'
                      LP_VALUE: 'sequence'
                    LP_CASE_BRANCH: 
                      LP_CASE_BRANCH_STATEMENT: 
                        LP_VALUE: 's'
                        LP_VALUE: 'special'
                      LP_CASE_BRANCH: 
                        LP_CASE_BRANCH_STATEMENT: 
                          LP_VALUE: 'f'
                          LP_VALUE: 'foreign table'
                        LP_CASE_BRANCH: 
                          LP_CASE_BRANCH_STATEMENT: 
                            LP_VALUE: 'p'
                            LP_VALUE: 'table'
                          LP_CASE_BRANCH: 
                            LP_CASE_BRANCH_STATEMENT: 
                              LP_VALUE: 'I'
                              LP_VALUE: 'index'
        LP_COLUMN_LIST_ALIAS: 
        - type: STRING_LITERAL
        - alias: Type
      LP_WHERE: 
        LP_FUNCTION_CALL: 
          LP_VALUE: 'pg_catalog.pg_get_userbyid'
          LP_COLUMN_LIST: 
            LP_VALUE: '%ydboctoF0eN518pztmH9aR0p6vmaIK'
            LP_VALUE: '$$pgGetUserById^%ydboctopgfunctions'
            LP_VALUE: 'VARCHAR'
            LP_COLUMN_ALIAS: c(1).relowner
        LP_COLUMN_LIST_ALIAS: 
        - type: STRING_LITERAL
        - alias: Owner
    LP_SELECT: 
      LP_TABLE_JOIN: 
        LP_WHERE: 
          LP_BOOLEAN_AND: 
            LP_BOOLEAN_IN: 
              LP_COLUMN_ALIAS: c(1).relkind
              LP_COLUMN_LIST: 
                LP_VALUE: 'r'
                LP_VALUE: 'p'
                LP_VALUE: 'v'
                LP_VALUE: 'm'
                LP_VALUE: 'S'
                LP_VALUE: 'f'
                LP_VALUE: ''
            LP_FUNCTION_CALL: 
              LP_VALUE: 'pg_catalog.pg_table_is_visible'
              LP_COLUMN_LIST: 
                LP_VALUE: '%ydboctoFaJzTzdoZpCPpx8lgLIAME8'
                LP_VALUE: '$$pgTableIsVisible^%ydboctopgfunctions'
                LP_VALUE: 'BOOLEAN'
                LP_COLUMN_ALIAS: c(1).oid
        LP_TABLE: c(1)
        LP_TABLE_JOIN: LEFT_JOIN: 
          LP_WHERE: 
            LP_BOOLEAN_EQUALS: 
              LP_COLUMN_ALIAS: n(2).oid
              LP_COLUMN_ALIAS: c(1).relnamespace
          LP_TABLE: n(2)
      LP_CRITERIA: 
        LP_KEYS: 
        LP_SELECT_OPTIONS: 
          LP_WHERE: 
            LP_BOOLEAN_AND: 
              LP_BOOLEAN_AND: 
                LP_BOOLEAN_AND: 
                  LP_BOOLEAN_AND: 
                    LP_BOOLEAN_IN: 
                      LP_COLUMN_ALIAS: c(1).relkind
                      LP_COLUMN_LIST: 
                        LP_VALUE: 'r'
                        LP_VALUE: 'p'
                        LP_VALUE: 'v'
                        LP_VALUE: 'm'
                        LP_VALUE: 'S'
                        LP_VALUE: 'f'
                        LP_VALUE: ''
                    LP_BOOLEAN_NOT_EQUALS: 
                      LP_COLUMN_ALIAS: n(2).nspname
                      LP_VALUE: 'pg_catalog'
                  LP_BOOLEAN_NOT_EQUALS: 
                    LP_COLUMN_ALIAS: n(2).nspname
                    LP_VALUE: 'information_schema'
                LP_BOOLEAN_NOT: 
                  LP_BOOLEAN_REGEX_SENSITIVE: 
                    LP_COLUMN_ALIAS: n(2).nspname
                    LP_VALUE: '^pg_toast'
              LP_FUNCTION_CALL: 
                LP_VALUE: 'pg_catalog.pg_table_is_visible'
                LP_COLUMN_LIST: 
                  LP_VALUE: '%ydboctoFaJzTzdoZpCPpx8lgLIAME8'
                  LP_VALUE: '$$pgTableIsVisible^%ydboctopgfunctions'
                  LP_VALUE: 'BOOLEAN'
                  LP_COLUMN_ALIAS: c(1).oid
          LP_SELECT_MORE_OPTIONS: 
            LP_KEYWORDS: 
  LP_OUTPUT: 
    LP_KEY: 
    - table_name: 
    - column_name: 
    - unique_id: 4
    - method: LP_KEY_ADVANCE
    - xref_key: false
    - uses_xref_key: false
    LP_ORDER_BY: ORDER BY ASC: 
      LP_COLUMN_LIST: 
        LP_WHERE: 
          LP_COLUMN_ALIAS: n(2).nspname
          LP_COLUMN_LIST_ALIAS: 
          - type: STRING_LITERAL
          - alias: Schema
      LP_ORDER_BY: ORDER BY ASC: 
        LP_COLUMN_LIST: 
          LP_WHERE: 
            LP_COLUMN_ALIAS: c(1).relname
            LP_COLUMN_LIST_ALIAS: 
            - type: STRING_LITERAL
            - alias: Name

[DEBUG] PATH:LINENUM DATE TIME: INFO_CURPLAN: LOGICAL_PLAN AFTER optimize_logical_plan() follows 
LP_SELECT_QUERY: 
  LP_PROJECT: 
    LP_COLUMN_LIST: 
      LP_WHERE: 
        LP_COLUMN_ALIAS: n(2).nspname
        LP_COLUMN_LIST_ALIAS: 
        - type: STRING_LITERAL
        - alias: Schema
      LP_WHERE: 
        LP_COLUMN_ALIAS: c(1).relname
        LP_COLUMN_LIST_ALIAS: 
        - type: STRING_LITERAL
        - alias: Name
      LP_WHERE: 
        LP_CASE: 
          LP_CASE_STATEMENT: 
            LP_COLUMN_ALIAS: c(1).relkind
          LP_CASE_BRANCH: 
            LP_CASE_BRANCH_STATEMENT: 
              LP_VALUE: 'r'
              LP_VALUE: 'table'
            LP_CASE_BRANCH: 
              LP_CASE_BRANCH_STATEMENT: 
                LP_VALUE: 'v'
                LP_VALUE: 'view'
              LP_CASE_BRANCH: 
                LP_CASE_BRANCH_STATEMENT: 
                  LP_VALUE: 'm'
                  LP_VALUE: 'materialized view'
                LP_CASE_BRANCH: 
                  LP_CASE_BRANCH_STATEMENT: 
                    LP_VALUE: 'i'
                    LP_VALUE: 'index'
                  LP_CASE_BRANCH: 
                    LP_CASE_BRANCH_STATEMENT: 
                      LP_VALUE: 'S'
                      LP_VALUE: 'sequence'
                    LP_CASE_BRANCH: 
                      LP_CASE_BRANCH_STATEMENT: 
                        LP_VALUE: 's'
                        LP_VALUE: 'special'
                      LP_CASE_BRANCH: 
                        LP_CASE_BRANCH_STATEMENT: 
                          LP_VALUE: 'f'
                          LP_VALUE: 'foreign table'
                        LP_CASE_BRANCH: 
                          LP_CASE_BRANCH_STATEMENT: 
                            LP_VALUE: 'p'
                            LP_VALUE: 'table'
                          LP_CASE_BRANCH: 
                            LP_CASE_BRANCH_STATEMENT: 
                              LP_VALUE: 'I'
                              LP_VALUE: 'index'
        LP_COLUMN_LIST_ALIAS: 
        - type: STRING_LITERAL
        - alias: Type
      LP_WHERE: 
        LP_FUNCTION_CALL: 
          LP_VALUE: 'pg_catalog.pg_get_userbyid'
          LP_COLUMN_LIST: 
            LP_VALUE: '%ydboctoF0eN518pztmH9aR0p6vmaIK'
            LP_VALUE: '$$pgGetUserById^%ydboctopgfunctions'
            LP_VALUE: 'VARCHAR'
            LP_COLUMN_ALIAS: c(1).relowner
        LP_COLUMN_LIST_ALIAS: 
        - type: STRING_LITERAL
        - alias: Owner
    LP_SELECT: 
      LP_TABLE_JOIN: 
        LP_WHERE: 
          LP_FUNCTION_CALL: 
            LP_VALUE: 'pg_catalog.pg_table_is_visible'
            LP_COLUMN_LIST: 
              LP_VALUE: '%ydboctoFaJzTzdoZpCPpx8lgLIAME8'
              LP_VALUE: '$$pgTableIsVisible^%ydboctopgfunctions'
              LP_VALUE: 'BOOLEAN'
              LP_COLUMN_ALIAS: c(1).oid
        LP_SELECT_QUERY: 
          LP_PROJECT: 
            LP_COLUMN_LIST: 
              LP_WHERE: 
                LP_COLUMN_ALIAS: pg_catalog.pg_class(5).relkind
              LP_WHERE: 
                LP_COLUMN_ALIAS: pg_catalog.pg_class(5).oid
            LP_SELECT: 
              LP_TABLE_JOIN: 
                LP_TABLE: pg_catalog.pg_class(5)
              LP_CRITERIA: 
                LP_KEYS: 
                  LP_KEY: 
                  - table_name: pg_catalog.pg_class
                  - column_name: oid
                  - unique_id: 5
                  - method: LP_KEY_ADVANCE
                  - xref_key: false
                  - uses_xref_key: false
                LP_SELECT_OPTIONS: 
                  LP_WHERE: 
                  LP_SELECT_MORE_OPTIONS: 
                    LP_KEYWORDS:  XREF_INDEX;
          LP_OUTPUT: 
            LP_KEY: 
            - table_name: pg_catalog.pg_class
            - column_name: relkind
            - unique_id: 1
            - method: LP_INVALID_ACTION
            - xref_key: true
            - uses_xref_key: false
        LP_TABLE_JOIN: LEFT_JOIN: 
          LP_WHERE: 
          LP_TABLE: n(2)
      LP_CRITERIA: 
        LP_KEYS: 
          LP_KEY: 
          - table_name: pg_catalog.pg_class
          - column_name: relkind
          - unique_id: 1
          - method: LP_KEY_FIX
          - xref_key: true
          - uses_xref_key: false
          - value:
              LP_COLUMN_LIST: 
                LP_VALUE: 'r'
                LP_VALUE: 'p'
                LP_VALUE: 'v'
                LP_VALUE: 'm'
                LP_VALUE: 'S'
                LP_VALUE: 'f'
                LP_VALUE: ''
          LP_KEYS: 
            LP_KEY: 
            - table_name: pg_catalog.pg_class
            - column_name: oid
            - unique_id: 1
            - method: LP_KEY_ADVANCE
            - xref_key: false
            - uses_xref_key: true
            LP_KEYS: 
              LP_KEY: 
              - table_name: pg_catalog.pg_namespace
              - column_name: oid
              - unique_id: 2
              - method: LP_KEY_FIX
              - xref_key: false
              - uses_xref_key: false
              - value:
                  LP_COLUMN_ALIAS: c(1).relnamespace
        LP_SELECT_OPTIONS: 
          LP_WHERE: 
            LP_BOOLEAN_AND: 
              LP_BOOLEAN_AND: 
                LP_BOOLEAN_AND: 
                  LP_BOOLEAN_AND: 
                    LP_BOOLEAN_IN: 
                      LP_COLUMN_ALIAS: c(1).relkind
                      LP_COLUMN_LIST: 
                        LP_VALUE: 'r'
                        LP_VALUE: 'p'
                        LP_VALUE: 'v'
                        LP_VALUE: 'm'
                        LP_VALUE: 'S'
                        LP_VALUE: 'f'
                        LP_VALUE: ''
                    LP_BOOLEAN_NOT_EQUALS: 
                      LP_COLUMN_ALIAS: n(2).nspname
                      LP_VALUE: 'pg_catalog'
                  LP_BOOLEAN_NOT_EQUALS: 
                    LP_COLUMN_ALIAS: n(2).nspname
                    LP_VALUE: 'information_schema'
                LP_BOOLEAN_NOT: 
                  LP_BOOLEAN_REGEX_SENSITIVE: 
                    LP_COLUMN_ALIAS: n(2).nspname
                    LP_VALUE: '^pg_toast'
              LP_FUNCTION_CALL: 
                LP_VALUE: 'pg_catalog.pg_table_is_visible'
                LP_COLUMN_LIST: 
                  LP_VALUE: '%ydboctoFaJzTzdoZpCPpx8lgLIAME8'
                  LP_VALUE: '$$pgTableIsVisible^%ydboctopgfunctions'
                  LP_VALUE: 'BOOLEAN'
                  LP_COLUMN_ALIAS: c(1).oid
          LP_SELECT_MORE_OPTIONS: 
            LP_KEYWORDS: 
  LP_OUTPUT: 
    LP_KEY: 
    - table_name: 
    - column_name: 
    - unique_id: 4
    - method: LP_KEY_ADVANCE
    - xref_key: false
    - uses_xref_key: false
    LP_ORDER_BY: ORDER BY ASC: 
      LP_COLUMN_LIST: 
        LP_WHERE: 
          LP_COLUMN_ALIAS: n(2).nspname
          LP_COLUMN_LIST_ALIAS: 
          - type: STRING_LITERAL
          - alias: Schema
      LP_ORDER_BY: ORDER BY ASC: 
        LP_COLUMN_LIST: 
          LP_WHERE: 
            LP_COLUMN_ALIAS: c(1).relname
            LP_COLUMN_LIST_ALIAS: 
            - type: STRING_LITERAL
            - alias: Name

[ INFO] PATH:LINENUM DATE TIME: INFO_GENERATING_XREF: Generating helper cross reference M file [$PWD/_ydboctoX*.m] for table [pg_catalog.pg_class] and column [relkind]
[ INFO] PATH:LINENUM DATE TIME: INFO_ENTERING_FUNCTION: Entering print_temporary_table
Schema|Name|Type|Owner
public|information_schema.tables|table|octo
public|names|table|octo
public|nameswithages|table|octo
public|octoonerowtable|table|octo
public|pg_aggregate|table|octo
public|pg_am|table|octo
public|pg_attrdef|table|octo
public|pg_attribute|table|octo
public|pg_catalog.pg_aggregate|table|octo
public|pg_catalog.pg_am|table|octo
public|pg_catalog.pg_attrdef|table|octo
public|pg_catalog.pg_attribute|table|octo
public|pg_catalog.pg_class|table|octo
public|pg_catalog.pg_constraint|table|octo
public|pg_catalog.pg_conversion|table|octo
public|pg_catalog.pg_database|table|octo
public|pg_catalog.pg_depend|table|octo
public|pg_catalog.pg_description|table|octo
public|pg_catalog.pg_enum|table|octo
public|pg_catalog.pg_index|table|octo
public|pg_catalog.pg_inherits|table|octo
public|pg_catalog.pg_language|table|octo
public|pg_catalog.pg_namespace|table|octo
public|pg_catalog.pg_policies|table|octo
public|pg_catalog.pg_proc|table|octo
public|pg_catalog.pg_range|table|octo
public|pg_catalog.pg_rewrite|table|octo
public|pg_catalog.pg_roles|table|octo
public|pg_catalog.pg_settings|table|octo
public|pg_catalog.pg_shdescription|table|octo
public|pg_catalog.pg_tablespace|table|octo
public|pg_catalog.pg_trigger|table|octo
public|pg_catalog.pg_type|table|octo
public|pg_catalog.pg_user|table|octo
public|pg_class|table|octo
public|pg_constraint|table|octo
public|pg_conversion|table|octo
public|pg_database|table|octo
public|pg_depend|table|octo
public|pg_description|table|octo
public|pg_enum|table|octo
public|pg_index|table|octo
public|pg_inherits|table|octo
public|pg_language|table|octo
public|pg_namespace|table|octo
public|pg_policies|table|octo
public|pg_proc|table|octo
public|pg_range|table|octo
public|pg_rewrite|table|octo
public|pg_roles|table|octo
public|pg_settings|table|octo
public|pg_shdescription|table|octo
public|pg_tablespace|table|octo
public|pg_trigger|table|octo
public|pg_type|table|octo
public|pg_user|table|octo
(56 rows)
[ INFO] PATH:LINENUM DATE TIME: INFO_EXECUTION_DONE: SQL query/command execution complete
[ INFO] PATH:LINENUM DATE TIME: INFO_PARSING_DONE: Parsing done for SQL command []
