SELECT NULL AS PROCEDURE_CAT, n.nspname AS PROCEDURE_SCHEM, p.proname AS PROCEDURE_NAME, NULL, NULL, NULL, d.description AS REMARKS, 2 AS PROCEDURE_TYPE,  p.proname || '_' || p.oid AS SPECIFIC_NAME  FROM pg_catalog.pg_namespace n, pg_catalog.pg_proc p  LEFT JOIN pg_catalog.pg_description d ON (p.oid=d.objoid)  LEFT JOIN pg_catalog.pg_class c ON (d.classoid=c.oid AND c.relname='pg_proc')  LEFT JOIN pg_catalog.pg_namespace pn ON (c.relnamespace=pn.oid AND pn.nspname='pg_catalog')  WHERE p.pronamespace=n.oid  ORDER BY PROCEDURE_SCHEM, PROCEDURE_NAME, p.oid::text

----- ROCTO/JDBC -----
|pg_catalog|ABS|||||2|ABS_170
|pg_catalog|CURRENT_SCHEMA|||||2|CURRENT_SCHEMA_174
|pg_catalog|CURRENT_SCHEMAS|||||2|CURRENT_SCHEMAS_318
|pg_catalog|OBJ_DESCRIPTION|||||2|OBJ_DESCRIPTION_319
|pg_catalog|PG_CATALOG.CURRENT_SCHEMAS|||||2|PG_CATALOG.CURRENT_SCHEMAS_175
|pg_catalog|PG_CATALOG.OBJ_DESCRIPTION|||||2|PG_CATALOG.OBJ_DESCRIPTION_176
|pg_catalog|PG_CATALOG.PG_GET_EXPR|||||2|PG_CATALOG.PG_GET_EXPR_177
|pg_catalog|PG_GET_EXPR|||||2|PG_GET_EXPR_320
|pg_catalog|REPLACE|||||2|REPLACE_171
|pg_catalog|ROW_NUMBER|||||2|ROW_NUMBER_172
|pg_catalog|VERSION|||||2|VERSION_173

----- OCTO -----
|pg_catalog|ABS|||||2|ABS_170
|pg_catalog|CURRENT_SCHEMA|||||2|CURRENT_SCHEMA_174
|pg_catalog|CURRENT_SCHEMAS|||||2|CURRENT_SCHEMAS_318
|pg_catalog|OBJ_DESCRIPTION|||||2|OBJ_DESCRIPTION_319
|pg_catalog|PG_CATALOG.CURRENT_SCHEMAS|||||2|PG_CATALOG.CURRENT_SCHEMAS_175
|pg_catalog|PG_CATALOG.OBJ_DESCRIPTION|||||2|PG_CATALOG.OBJ_DESCRIPTION_176
|pg_catalog|PG_CATALOG.PG_GET_EXPR|||||2|PG_CATALOG.PG_GET_EXPR_177
|pg_catalog|PG_GET_EXPR|||||2|PG_GET_EXPR_320
|pg_catalog|REPLACE|||||2|REPLACE_171
|pg_catalog|ROW_NUMBER|||||2|ROW_NUMBER_172
|pg_catalog|VERSION|||||2|VERSION_173
