SELECT P.NAME, T.PATIENT, X.REPORT_TEXT from PATIENT P, TIU_DOCUMENT T, TIU_DOCUMENT_REPORT_TEXT X WHERE T.PATIENT = P.PATIENT_ID and T.TIU_DOCUMENT_ID = X.TIU_DOCUMENT_ID LIMIT 100;
OCTO> SELECT P.NAME, T.PATIENT, X.REPORT_TEXT from PATIENT P, TIU_DOCUMENT T, TIU_DOCUMENT_REPORT_TEXT X WHERE T.PATIENT = P.PATIENT_ID and T.TIU_DOCUMENT_ID = X.TIU_DOCUMENT_ID LIMIT 100;
name|patient|report_text
ZZZRETFIVEFIFTYONE,PATIENT|1|LEBANON PROBLEM/QUESTION
ZZZRETFIVEFIFTYONE,PATIENT|1|MORE FROM LEBANON
ZZZRETFIVEFIFTYONE,PATIENT|1|ADKAD ASK;LASK;DLKL; ASDK;ASLD ASASLKDKL KLJASD
ZZZRETFIVEFIFTYONE,PATIENT|1|KADKLJ LAS | ASJSDLKJAS 
ZZZRETFIVEFIFTYONE,PATIENT|1|DIAGNOSIS:     NOTHING NEW HERE TESTING THER PRINT OUTS.
ZZZRETFIVEFIFTYONE,PATIENT|1| 
ZZZRETFIVEFIFTYONE,PATIENT|1| 
ZZZRETFIVEFIFTYONE,PATIENT|1| 
ZZZRETFIVEFIFTYONE,PATIENT|1| 
ZZZRETFIVEFIFTYONE,PATIENT|1| 
ZZZRETFIVEFIFTYONE,PATIENT|1|OPERATIONS/PROCEDURES:
ZZZRETFIVEFIFTYONE,PATIENT|1| 
ZZZRETFIVEFIFTYONE,PATIENT|1|nO PROCEDURES PREFORMED.
ZZZRETFIVEFIFTYONE,PATIENT|1|this is my HEADER statement for Jeanie's title:
ZZZRETFIVEFIFTYONE,PATIENT|1|what is your title:
ZZZRETFIVEFIFTYONE,PATIENT|1| 
ZZZRETFIVEFIFTYONE,PATIENT|1|This is a test for 
ZZZRETFIVEFIFTYONE,PATIENT|1| 
ZZZRETFIVEFIFTYONE,PATIENT|1|and many other things that we want to find out what the allergy is for
ZZZRETFIVEFIFTYONE,PATIENT|1| 
ZZZRETFIVEFIFTYONE,PATIENT|1|this patient.
ZZZRETFIVEFIFTYONE,PATIENT|1| 
ZZZRETFIVEFIFTYONE,PATIENT|1|WE WILL AD LOTS OR
ZZZRETFIVEFIFTYONE,PATIENT|1|TEST
ZZZRETFIVEFIFTYONE,PATIENT|1|AND THEN ADD A 
ZZZRETFIVEFIFTYONE,PATIENT|1|RTC
ZZZRETFIVEFIFTYONE,PATIENT|1|FOLLOWED BY SEVERAL
ZZZRETFIVEFIFTYONE,PATIENT|1|MORE LINE
ZZZRETFIVEFIFTYONE,PATIENT|1|EANCH ONE
ZZZRETFIVEFIFTYONE,PATIENT|1|MAKING RH
ZZZRETFIVEFIFTYONE,PATIENT|1|THE NOTE
ZZZRETFIVEFIFTYONE,PATIENT|1|LONGER
ZZZRETFIVEFIFTYONE,PATIENT|1|AND THE
ZZZRETFIVEFIFTYONE,PATIENT|1|TEXT DOES
ZZZRETFIVEFIFTYONE,PATIENT|1|NOT 
ZZZRETFIVEFIFTYONE,PATIENT|1|REALLY MAKE
ZZZRETFIVEFIFTYONE,PATIENT|1|SENSE 
ZZZRETFIVEFIFTYONE,PATIENT|1|BUT I
ZZZRETFIVEFIFTYONE,PATIENT|1|WILL
ZZZRETFIVEFIFTYONE,PATIENT|1|ADD ANOTHER
ZZZRETFIVEFIFTYONE,PATIENT|1|RTC 
ZZZRETFIVEFIFTYONE,PATIENT|1|HERE
ZZZRETFIVEFIFTYONE,PATIENT|1|AND i WANT
ZZZRETFIVEFIFTYONE,PATIENT|1|TO SEE
ZZZRETFIVEFIFTYONE,PATIENT|1|RTC
ZZZRETFIVEFIFTYONE,PATIENT|1|*****
ZZZRETFIVEFIFTYONE,PATIENT|1|DO THE STARS
ZZZRETFIVEFIFTYONE,PATIENT|1|SHOW WHEN
ZZZRETFIVEFIFTYONE,PATIENT|1|YOU DO
ZZZRETFIVEFIFTYONE,PATIENT|1|A SL
ZZZRETFIVEFIFTYONE,PATIENT|1|FOR "RTC"?  HMMM
ZZZRETFIVEFIFTYONE,PATIENT|1|this is my HEADER statement for Jeanie's title:
ZZZRETFIVEFIFTYONE,PATIENT|1|what is your title:
ZZZRETFIVEFIFTYONE,PATIENT|1| 
ZZZRETFIVEFIFTYONE,PATIENT|1|This is a test for 
ZZZRETFIVEFIFTYONE,PATIENT|1| 
ZZZRETFIVEFIFTYONE,PATIENT|1|and many other things that we want to find out what the allergy is for
ZZZRETFIVEFIFTYONE,PATIENT|1|this patient.
ZZZRETFIVEFIFTYONE,PATIENT|1|PATIENT EDUCATION:
ZZZRETFIVEFIFTYONE,PATIENT|1|this is my HEADER statement for Jeanie's title:
ZZZRETFIVEFIFTYONE,PATIENT|1|what is your title:
ZZZRETFIVEFIFTYONE,PATIENT|1| 
ZZZRETFIVEFIFTYONE,PATIENT|1|This is a test for 
ZZZRETFIVEFIFTYONE,PATIENT|1| 
ZZZRETFIVEFIFTYONE,PATIENT|1|and many other things that we want to find out what the allergy is for
ZZZRETFIVEFIFTYONE,PATIENT|1|this patient.
ZZZRETFIVEFIFTYONE,PATIENT|1|PATIENT EDUCATION:
ZZZRETFIVEFIFTYONE,PATIENT|1|this is my HEADER statement for Jeanie's title:
ZZZRETFIVEFIFTYONE,PATIENT|1|what is your title:
ZZZRETFIVEFIFTYONE,PATIENT|1| 
ZZZRETFIVEFIFTYONE,PATIENT|1|This is a test for 
ZZZRETFIVEFIFTYONE,PATIENT|1| 
ZZZRETFIVEFIFTYONE,PATIENT|1|and many other things that we want to find out what the allergy is for
ZZZRETFIVEFIFTYONE,PATIENT|1|this patient.
ZZZRETFIVEFIFTYONE,PATIENT|1|PATIENT EDUCATION:
ZZZRETFIVEFIFTYONE,PATIENT|1|this is my HEADER statement for Jeanie's title:
ZZZRETFIVEFIFTYONE,PATIENT|1|what is your title:
ZZZRETFIVEFIFTYONE,PATIENT|1| 
ZZZRETFIVEFIFTYONE,PATIENT|1|This is a test for 
ZZZRETFIVEFIFTYONE,PATIENT|1| 
ZZZRETFIVEFIFTYONE,PATIENT|1|and many other things that we want to find out what the allergy is for
ZZZRETFIVEFIFTYONE,PATIENT|1|this patient.
ZZZRETFIVEFIFTYONE,PATIENT|1|PATIENT EDUCATION:
ZZZRETFIVEFIFTYONE,PATIENT|1|RTC: 3 to 4 mo
ZZZRETFIVEFIFTYONE,PATIENT|1|FUTURE LABS: 1 wk prior lipid, L1, CPK, e7, A1c
ZZZRETFIVEFIFTYONE,PATIENT|1|FUTURE X-RAYS:
ZZZRETFIVEFIFTYONE,PATIENT|1|this is my HEADER statement for Jeanie's title:
ZZZRETFIVEFIFTYONE,PATIENT|1|what is your title:
ZZZRETFIVEFIFTYONE,PATIENT|1| 
ZZZRETFIVEFIFTYONE,PATIENT|1|This is a test for 
ZZZRETFIVEFIFTYONE,PATIENT|1| 
ZZZRETFIVEFIFTYONE,PATIENT|1|and many other things that we want to find out what the allergy is for
ZZZRETFIVEFIFTYONE,PATIENT|1|this patient.
ZZZRETFIVEFIFTYONE,PATIENT|1|PATIENT EDUCATION:
ZZZRETFIVEFIFTYONE,PATIENT|1| 
ZZZRETFIVEFIFTYONE,PATIENT|1|                                  
ZZZRETFIVEFIFTYONE,PATIENT|1| 
ZZZRETFIVEFIFTYONE,PATIENT|1|Select Action: Next Screen// FS   First Screen  
ZZZRETFIVEFIFTYONE,PATIENT|1|STILL TESTING
ZZZRETFIVEFORTYSEVEN,PATIENT|2|TESTING OF PRINT PROMPT
(100 rows)
OCTO> 
