^%ydbAIMDDolRlgd8xujbnMBgUv9VCA="^ORD"
^%ydbAIMDDolRlgd8xujbnMBgUv9VCA(0)="*YottaDB*"
^%ydbAIMDDolRlgd8xujbnMBgUv9VCA(1)=3
^%ydbAIMDDolRlgd8xujbnMBgUv9VCA(1,"",0)=""
^%ydbAIMDDolRlgd8xujbnMBgUv9VCA(1,"",1)=""
^%ydbAIMDDolRlgd8xujbnMBgUv9VCA(1,"","AMASTERVUID")=""
^%ydbAIMDDolRlgd8xujbnMBgUv9VCA(1,"","AVUID")=""
^%ydbAIMDDolRlgd8xujbnMBgUv9VCA(1,"","B")=""
^%ydbAIMDDolRlgd8xujbnMBgUv9VCA(1,4500659,6)=""
^%ydbAIMDDolRlgd8xujbnMBgUv9VCA(1,4500725,7)=""
^%ydbAIMDDolRlgd8xujbnMBgUv9VCA(1,4500752,3)=""
^%ydbAIMDDolRlgd8xujbnMBgUv9VCA(1,4500873,15)=""
^%ydbAIMDDolRlgd8xujbnMBgUv9VCA(1,4501011,13)=""
^%ydbAIMDDolRlgd8xujbnMBgUv9VCA(1,4501088,2)=""
^%ydbAIMDDolRlgd8xujbnMBgUv9VCA(1,4501091,10)=""
^%ydbAIMDDolRlgd8xujbnMBgUv9VCA(1,4501094,12)=""
^%ydbAIMDDolRlgd8xujbnMBgUv9VCA(1,4501095,4)=""
^%ydbAIMDDolRlgd8xujbnMBgUv9VCA(1,4501099,14)=""
^%ydbAIMDDolRlgd8xujbnMBgUv9VCA(1,4501102,99)=""
^%ydbAIMDDolRlgd8xujbnMBgUv9VCA(1,4501113,9)=""
^%ydbAIMDDolRlgd8xujbnMBgUv9VCA(1,4501114,5)=""
^%ydbAIMDDolRlgd8xujbnMBgUv9VCA(1,4501117,8)=""
^%ydbAIMDDolRlgd8xujbnMBgUv9VCA(1,4501124,11)=""
^%ydbAIMDDolRlgd8xujbnMBgUv9VCA(2)="^"
^%ydbAIMDDolRlgd8xujbnMBgUv9VCA(3)="#1"
^%ydbAIMDDolRlgd8xujbnMBgUv9VCA(4)="#1"
^%ydbAIMDDolRlgd8xujbnMBgUv9VCA(5)=""
^%ydbAIMDDolRlgd8xujbnMBgUv9VCA(6)="+^ORD(sub1=100.01,sub2=0:,sub3=*) -command=set -name=%ydbDolRlgd8xujbnMBgUv9VCAS -xecute=<<"_$C(10)_" if ""VUID""=sub3 do"_$C(10)_" . for i=1 set p=$piece($ztoldval,""^"",i),q=$piece($ztvalue,""^"",i) zkill ^%ydbAIMDDolRlgd8xujbnMBgUv9VCA(i,"""",sub2),^%ydbAIMDDolRlgd8xujbnMBgUv9VCA(i,p,sub2) set ^%ydbAIMDDolRlgd8xujbnMBgUv9VCA(i,q,sub2)="""""_$C(10)_" else  if '($data(^ORD(100.01,sub2,""VUID""))#10) for i=1 set ^%ydbAIMDDolRlgd8xujbnMBgUv9VCA(i,"""",sub2)="""""_$C(10)
^%ydbAIMDDolRlgd8xujbnMBgUv9VCA(7)="+^ORD(sub1=100.01,sub2=0:,sub3=*) -command=kill -name=%ydbDolRlgd8xujbnMBgUv9VCAK -xecute=<<"_$C(10)_" do dft($reference) quit"_$C(10)_" if ^%ydbAIMDDolRlgd8xujbnMBgUv9VCA"_$C(10)_"dft(var)"_$C(10)_" new sub,vard,vars,varsd,vsroot"_$C(10)_" set vard=$data(@var)"_$C(10)_" do:vard\10"_$C(10)_" . if $qlength(var) set vsroot=$zextract(var,1,$zlength(var)-1)_"","""_$C(10)_" . else  set vsroot=var_""("""_$C(10)_" . set vars=vsroot_""sub)"""_$C(10)_" . set sub="""" for  set sub=$order(@vars) quit:'$zlength(sub)  do"_$C(10)_" . . set varsd=$data(@vars)"_$C(10)_" . . if varsd\10 do dft(vsroot_$zwrite(sub)_"")"")"_$C(10)_" . . else  kill:varsd#10 @(vsroot_$zwrite(sub)_"")"")"_$C(10)_" zkill:vard#10 @var"_$C(10)_" quit"_$C(10)
^%ydbAIMDDolRlgd8xujbnMBgUv9VCA(8)="+^ORD(sub1=100.01,sub2=0:,sub3=*) -command=zkill -name=%ydbDolRlgd8xujbnMBgUv9VCAZ -xecute=<<"_$C(10)_" if ""VUID""=sub3 do"_$C(10)_" . if $data(^ORD(100.01,sub2))#10!$zlength($order(^ORD(100.01,sub2,""VUID"")))!$zlength($order(^ORD(100.01,sub2,""VUID""),-1)) for i=1 zkill ^%ydbAIMDDolRlgd8xujbnMBgUv9VCA(i,$piece($ztoldval,""^"",i),sub2) set ^%ydbAIMDDolRlgd8xujbnMBgUv9VCA(i,"""",sub2)="""""_$C(10)_" . else  for i=1 zkill ^%ydbAIMDDolRlgd8xujbnMBgUv9VCA(i,$piece($ztoldval,""^"",i),sub2)"_$C(10)_" else  if '($data(^ORD(100.01,sub2))#10),'($data(^ORD(100.01,sub2,""VUID""))#10),'($zlength($order(^ORD(sub1,sub2,sub3)))!($zlength($order(^ORD(sub1,sub2,sub3),-1)))) for i=1 zkill ^%ydbAIMDDolRlgd8xujbnMBgUv9VCA(i,"""",sub2)"_$C(10)
^%ydbAIMDDolRlgd8xujbnMBgUv9VCA(9)=1
^%ydbAIMDDolRlgd8xujbnMBgUv9VCA(10)=0
^%ydbAIMDDolRlgd8xujbnMBgUv9VCA(12)="+^ORD -command=kill -name=%ydbDolRlgd8xujbnMBgUv9VCA0 -xecute=<<"_$C(10)_" do dft($reference) quit"_$C(10)_" if ^%ydbAIMDDolRlgd8xujbnMBgUv9VCA"_$C(10)_"dft(var)"_$C(10)_" new sub,vard,vars,varsd,vsroot"_$C(10)_" set vard=$data(@var)"_$C(10)_" do:vard\10"_$C(10)_" . if $qlength(var) set vsroot=$zextract(var,1,$zlength(var)-1)_"","""_$C(10)_" . else  set vsroot=var_""("""_$C(10)_" . set vars=vsroot_""sub)"""_$C(10)_" . set sub="""" for  set sub=$order(@vars) quit:'$zlength(sub)  do"_$C(10)_" . . set varsd=$data(@vars)"_$C(10)_" . . if varsd\10 do dft(vsroot_$zwrite(sub)_"")"")"_$C(10)_" . . else  kill:varsd#10 @(vsroot_$zwrite(sub)_"")"")"_$C(10)_" zkill:vard#10 @var"_$C(10)_" quit"_$C(10)
^%ydbAIMDDolRlgd8xujbnMBgUv9VCA(13)="+^ORD(sub1=100.01) -command=kill -name=%ydbDolRlgd8xujbnMBgUv9VCA1 -xecute=<<"_$C(10)_" do dft($reference) quit"_$C(10)_" if ^%ydbAIMDDolRlgd8xujbnMBgUv9VCA"_$C(10)_"dft(var)"_$C(10)_" new sub,vard,vars,varsd,vsroot"_$C(10)_" set vard=$data(@var)"_$C(10)_" do:vard\10"_$C(10)_" . if $qlength(var) set vsroot=$zextract(var,1,$zlength(var)-1)_"","""_$C(10)_" . else  set vsroot=var_""("""_$C(10)_" . set vars=vsroot_""sub)"""_$C(10)_" . set sub="""" for  set sub=$order(@vars) quit:'$zlength(sub)  do"_$C(10)_" . . set varsd=$data(@vars)"_$C(10)_" . . if varsd\10 do dft(vsroot_$zwrite(sub)_"")"")"_$C(10)_" . . else  kill:varsd#10 @(vsroot_$zwrite(sub)_"")"")"_$C(10)_" zkill:vard#10 @var"_$C(10)_" quit"_$C(10)
^%ydbAIMDDolRlgd8xujbnMBgUv9VCA(14)="+^ORD(sub1=100.01,sub2=0:) -command=kill -name=%ydbDolRlgd8xujbnMBgUv9VCA2 -xecute=<<"_$C(10)_" do dft($reference) quit"_$C(10)_" if ^%ydbAIMDDolRlgd8xujbnMBgUv9VCA"_$C(10)_"dft(var)"_$C(10)_" new sub,vard,vars,varsd,vsroot"_$C(10)_" set vard=$data(@var)"_$C(10)_" do:vard\10"_$C(10)_" . if $qlength(var) set vsroot=$zextract(var,1,$zlength(var)-1)_"","""_$C(10)_" . else  set vsroot=var_""("""_$C(10)_" . set vars=vsroot_""sub)"""_$C(10)_" . set sub="""" for  set sub=$order(@vars) quit:'$zlength(sub)  do"_$C(10)_" . . set varsd=$data(@vars)"_$C(10)_" . . if varsd\10 do dft(vsroot_$zwrite(sub)_"")"")"_$C(10)_" . . else  kill:varsd#10 @(vsroot_$zwrite(sub)_"")"")"_$C(10)_" zkill:vard#10 @var"_$C(10)_" quit"_$C(10)
^%ydbAIMDDolRlgd8xujbnMBgUv9VCA(16)="+^ORD(sub1=100.01,sub2=0:) -command=set -name=%ydbDolRlgd8xujbnMBgUv9VCAs -xecute=""if '($data(^ORD(100.01,sub2,""""VUID""""))#10) for i=1 set ^%ydbAIMDDolRlgd8xujbnMBgUv9VCA(i,"""""""",sub2)="""""""""""
^%ydbAIMDDolRlgd8xujbnMBgUv9VCA(17)="+^ORD(sub1=100.01,sub2=0:) -command=zkill -name=%ydbDolRlgd8xujbnMBgUv9VCAz -xecute=""if '($ZTDATA\10) for i=1 zkill ^%ydbAIMDDolRlgd8xujbnMBgUv9VCA(i,"""""""",sub2)"""
^%ydbAIMDDolRlgd8xujbnMBgUv9VCA("comment-1")="xref for table ORDER_STATUS column VUID"
^%ydbAIMDxref("^ORD","^%ydbAIMDDolRlgd8xujbnMBgUv9VCA")=""
_ydboctoX*.m:    NEW aimglobal SET aimglobal=$$XREFDATA^%YDBAIM(base,.subs,"^",1,0,0,1,0,1)
_ydboctoX*.m:    NEW aimglobal SET aimglobal=$$XREFDATA^%YDBAIM(base,.subs,"^",1,1,0,1,0,1)
